// Jest Snapshot v1, https://goo.gl/fbAQLP

exports[`Accordian renders correctly 1`] = `
<View>
  <View
    accessibilityState={
      {
        "busy": undefined,
        "checked": undefined,
        "disabled": undefined,
        "expanded": undefined,
        "selected": undefined,
      }
    }
    accessibilityValue={
      {
        "max": undefined,
        "min": undefined,
        "now": undefined,
        "text": undefined,
      }
    }
    accessible={true}
    collapsable={false}
    focusable={true}
    onBlur={[Function]}
    onClick={[Function]}
    onFocus={[Function]}
    onResponderGrant={[Function]}
    onResponderMove={[Function]}
    onResponderRelease={[Function]}
    onResponderTerminate={[Function]}
    onResponderTerminationRequest={[Function]}
    onStartShouldSetResponder={[Function]}
  >
    <View
      style={
        {
          "alignItems": "center",
          "backgroundColor": "#2B702D",
          "flexDirection": "row",
          "height": 56,
          "justifyContent": "space-between",
          "paddingLeft": 25,
          "paddingRight": 18,
        }
      }
    >
      <Text
        style={
          {
            "color": "white",
            "fontSize": 16,
            "fontWeight": "bold",
          }
        }
      >
        Title
      </Text>
      <Text />
    </View>
  </View>
</View>
`;
